[preview.uideck.com/items/saasintro/index.html]
[backblue.gif]
[fade.gif]
[index.html]
[preview.uideck.com/items/saasintro/assets/images/favicon.svg]
[preview.uideck.com/items/saasintro/assets/css/bootstrap.min.css]
[preview.uideck.com/items/saasintro/assets/css/lineicons.css]
[preview.uideck.com/items/saasintro/assets/css/tiny-slider.css]
[preview.uideck.com/items/saasintro/assets/css/animate.css]
[preview.uideck.com/items/saasintro/assets/css/main.css]
[preview.uideck.com/items/saasintro/index-2.html]
[preview.uideck.com/items/saasintro/assets/images/logo/logo.svg]
[preview.uideck.com/items/saasintro/assets/images/hero/hero-image.svg]
[preview.uideck.com/items/saasintro/assets/images/about/about-image.svg]
[preview.uideck.com/items/saasintro/assets/images/cta/cta-image.svg]
[preview.uideck.com/items/saasintro/assets/images/team/team-1.png]
[preview.uideck.com/items/saasintro/assets/images/team/team-2.png]
[preview.uideck.com/items/saasintro/assets/images/team/team-3.png]
[preview.uideck.com/items/saasintro/assets/images/testimonial/testimonial-1.png]
[preview.uideck.com/items/saasintro/assets/images/testimonial/testimonial-2.png]
[preview.uideck.com/items/saasintro/assets/images/testimonial/testimonial-3.png]
[preview.uideck.com/items/saasintro/assets/images/testimonial/testimonial-4.png]
[preview.uideck.com/items/saasintro/assets/js/bootstrap.min.js]
[preview.uideck.com/items/saasintro/assets/js/tiny-slider.js]
[preview.uideck.com/items/saasintro/assets/js/wow.min.js]
[preview.uideck.com/items/saasintro/assets/js/polyfill.js]
[preview.uideck.com/items/saasintro/assets/js/main.js]
[preview.uideck.com/cdn-cgi/challenge-platform/scripts/invisible.js]
[preview.uideck.com/cdn-cgi/challenge-platform/h/b/scripts/jsd/be88c2a1/main.js]
[preview.uideck.com/items/saasintro/index.html]
[preview.uideck.com/items/saasintro/index-2.html]
[preview.uideck.com/items/saasintro/assets/images/team/team-2.png]
[preview.uideck.com/items/saasintro/assets/images/favicon.svg]
[preview.uideck.com/items/saasintro/assets/images/team/team-1.png]
[preview.uideck.com/items/saasintro/assets/css/bootstrap.min.css]
[preview.uideck.com/items/saasintro/assets/images/testimonial/testimonial-2.png]
[preview.uideck.com/items/saasintro/assets/images/testimonial/testimonial-3.png]
[preview.uideck.com/items/saasintro/assets/images/testimonial/testimonial-1.png]
[preview.uideck.com/items/saasintro/assets/images/team/team-3.png]
[preview.uideck.com/items/saasintro/assets/images/testimonial/testimonial-4.png]
[preview.uideck.com/items/saasintro/assets/js/bootstrap.min.js]
[preview.uideck.com/items/saasintro/assets/js/tiny-slider.js]
[preview.uideck.com/items/saasintro/assets/css/fonts/LineIcons.eot]
[preview.uideck.com/items/saasintro/assets/css/fonts/LineIcons.woff2]
[preview.uideck.com/items/saasintro/assets/js/main.js]
[preview.uideck.com/items/saasintro/assets/js/polyfill.js]
[preview.uideck.com/items/saasintro/assets/js/wow.min.js]
[preview.uideck.com/items/saasintro/assets/css/fonts/LineIcons.woff]
[preview.uideck.com/items/saasintro/assets/css/fonts/LineIcons.eot]
[preview.uideck.com/items/saasintro/assets/css/fonts/LineIcons.woff2]
[preview.uideck.com/items/saasintro/assets/css/fonts/LineIcons.ttf]
[preview.uideck.com/items/saasintro/assets/css/lineicons.css]
[preview.uideck.com/items/saasintro/assets/css/tiny-slider.css]
[preview.uideck.com/items/saasintro/assets/css/animate.css]
[preview.uideck.com/items/saasintro/assets/css/fonts/LineIcons.svg]
[preview.uideck.com/items/saasintro/assets/images/common-bg.svg]
[preview.uideck.com/items/saasintro/assets/css/main.css]
[preview.uideck.com/items/saasintro/assets/images/logo/logo.svg]
[preview.uideck.com/items/saasintro/assets/images/hero/hero-image.svg]
[preview.uideck.com/items/saasintro/assets/images/about/about-image.svg]
[preview.uideck.com/items/saasintro/assets/images/cta/cta-image.svg]
[preview.uideck.com/items/saasintro/assets/css/fonts/LineIcons.svg]
[preview.uideck.com/items/saasintro/assets/images/common-bg.svg]
[preview.uideck.com/items/saasintro/assets/images/testimonial/testimonial-bg.svg]
[preview.uideck.com/items/saasintro/assets/images/testimonial/testimonial-bg.svg]
