[go-tailwind.preview.uideck.com/index.html]
[backblue.gif]
[fade.gif]
[index.html]
[go-tailwind.preview.uideck.com/favicon.ico]
[go-tailwind.preview.uideck.com/style.css]
[go-tailwind.preview.uideck.com/src/images/logo/logo-dark.svg]
[go-tailwind.preview.uideck.com/src/images/logo/logo-light.svg]
[go-tailwind.preview.uideck.com/blog-grids.html]
[go-tailwind.preview.uideck.com/blog-details.html]
[go-tailwind.preview.uideck.com/404.html]
[go-tailwind.preview.uideck.com/signin.html]
[go-tailwind.preview.uideck.com/signup.html]
[go-tailwind.preview.uideck.com/src/images/hero/image-2.jpg]
[go-tailwind.preview.uideck.com/src/images/hero/image-1.jpg]
[go-tailwind.preview.uideck.com/src/images/about/image-1.jpg]
[go-tailwind.preview.uideck.com/src/images/about/image-2.jpg]
[go-tailwind.preview.uideck.com/src/images/team/image-1.jpg]
[go-tailwind.preview.uideck.com/src/images/team/image-2.jpg]
[go-tailwind.preview.uideck.com/src/images/team/image-3.jpg]
[go-tailwind.preview.uideck.com/src/images/portfolio/image-1.jpg]
[go-tailwind.preview.uideck.com/src/images/portfolio/image-2.jpg]
[go-tailwind.preview.uideck.com/src/images/portfolio/image-3.jpg]
[go-tailwind.preview.uideck.com/src/images/portfolio/image-4.jpg]
[go-tailwind.preview.uideck.com/src/images/testimonial/image-1.jpg]
[go-tailwind.preview.uideck.com/src/images/brands/uideck.svg]
[go-tailwind.preview.uideck.com/src/images/brands/uideck-2.svg]
[go-tailwind.preview.uideck.com/src/images/brands/ayroui.svg]
[go-tailwind.preview.uideck.com/src/images/brands/ayroui-2.svg]
[go-tailwind.preview.uideck.com/src/images/brands/graygrids.svg]
[go-tailwind.preview.uideck.com/src/images/brands/graygrids-2.svg]
[go-tailwind.preview.uideck.com/src/images/brands/lineicons.svg]
[go-tailwind.preview.uideck.com/src/images/brands/lineicons-2.svg]
[go-tailwind.preview.uideck.com/src/images/brands/plainadmin.svg]
[go-tailwind.preview.uideck.com/src/images/brands/plainadmin-2.svg]
[go-tailwind.preview.uideck.com/src/images/blog/image-1.jpg]
[go-tailwind.preview.uideck.com/src/images/blog/image-2.jpg]
[go-tailwind.preview.uideck.com/src/images/blog/image-3.jpg]
[go-tailwind.preview.uideck.com/cdn-cgi/l/email-protection.html]
[go-tailwind.preview.uideck.com/cdn-cgi/scripts/5c5dd728/cloudflare-static/email-decode.min.js]
[go-tailwind.preview.uideck.com/bundle.js]
[go-tailwind.preview.uideck.com/cdn-cgi/challenge-platform/scripts/invisible.js]
[go-tailwind.preview.uideck.com/cdn-cgi/challenge-platform/h/b/scripts/jsd/be88c2a1/main.js]
[go-tailwind.preview.uideck.com/index.html]
[go-tailwind.preview.uideck.com/blog-grids.html]
[go-tailwind.preview.uideck.com/images/blog/blog-details.jpg]
[go-tailwind.preview.uideck.com/images/blog/NoisePatern.svg]
[go-tailwind.preview.uideck.com/src/images/blog/author.png]
[go-tailwind.preview.uideck.com/src/images/blog/blog-details-2.jpg]
[go-tailwind.preview.uideck.com/blog-details.html]
[go-tailwind.preview.uideck.com/404.html]
[go-tailwind.preview.uideck.com/signin.html]
[go-tailwind.preview.uideck.com/signup.html]
[go-tailwind.preview.uideck.com/cdn-cgi/l/email-protection.html]
[go-tailwind.preview.uideck.com/style.css]
[go-tailwind.preview.uideck.com/src/images/NoisePattern.svg]
[go-tailwind.preview.uideck.com/src/images/logo/logo-dark.svg]
[go-tailwind.preview.uideck.com/src/images/logo/logo-light.svg]
[go-tailwind.preview.uideck.com/cdn-cgi/challenge-platform/h/b/scripts/jsd/be88c2a1/main.js]
[go-tailwind.preview.uideck.com/src/images/brands/uideck.svg]
[go-tailwind.preview.uideck.com/src/images/brands/uideck-2.svg]
[go-tailwind.preview.uideck.com/src/images/brands/ayroui.svg]
[go-tailwind.preview.uideck.com/src/images/brands/ayroui-2.svg]
[go-tailwind.preview.uideck.com/src/images/brands/graygrids.svg]
[go-tailwind.preview.uideck.com/src/images/brands/graygrids-2.svg]
[go-tailwind.preview.uideck.com/src/images/brands/lineicons.svg]
[go-tailwind.preview.uideck.com/src/images/brands/lineicons-2.svg]
[go-tailwind.preview.uideck.com/src/images/brands/plainadmin.svg]
[go-tailwind.preview.uideck.com/src/images/brands/plainadmin-2.svg]
[go-tailwind.preview.uideck.com/cdn-cgi/l/email-protection.html]
[go-tailwind.preview.uideck.com/images/blog/blog-details.html]
[go-tailwind.preview.uideck.com/images/blog/NoisePatern.html]
[go-tailwind.preview.uideck.com/src/images/NoisePattern.svg]
